rbills@mbp19-rbills incident % python3 addIncident.py
{"data":{"genericActionCall":{"result":"{\"aptBusinessObjectId\":\"USPT-3575\",\"id\":\"9b593391-abfc-4730-9883-c2680b545903\"}","__typename":"ReadResult"}}}
rbills@mbp19-rbills incident % python3 editIncident.py
{
    "aptBusinessObjectId": "USPT-3575",
    "id": "9b593391-abfc-4730-9883-c2680b545903"
}
rbills@mbp19-rbills incident % python3 addIncidentComment.py
{
    "id": "d115e008-c6a1-11ee-a30e-bbc985410070"
}
rbills@mbp19-rbills incident % python3 readIncident.py
{"data":{"genericGetObject":{"id":"9b593391-abfc-4730-9883-c2680b545903","currentBaseState":"ToDo","currentSubState":null,"data":{"aptBusinessObjectId":"USPT-3575","aptBusinessObjectSummary":"GraphQL Python test edit 1","aptBusinessObjectDescription":"Editing an incident programmatically using graphQL for a demo.","responsibleDepartmentAtCompany":null,"responsibleDepartmentAtPartner":null,"incidentType":"LABEL_COMPLIANCE_ERROR","businessPriority":"LOW","resolutionDueDate":1736613281000,"incidentConclusion":null,"referenceIdentifiers":null,"dateSubmitted":null,"createdByPartner":false,"__typename":"IncidentData"},"aptBusinessObjectContainsComment":[{"to":{"id":"d115e008-c6a1-11ee-a30e-bbc985410070","data":{"commentText":"Adding a test comment using GraphQL via Python.","visibilityType":"Public"}}}],"issueRelatedToImpactedProductDetail":[],"aptBusinessObjectBelongsToProcessNetwork":[{"to":{"id":"YOUR_PROCESS_NETWORK_ID","__typename":"ProcessNetwork"},"__typename":"AptBusinessObjectBelongsToProcessNetwork"}],"aptBusinessObjectCompanyAssignedUser":[],"aptBusinessObjectPartnerAssignedUser":[],"aptBusinessObjectCompanyOwnerUser":[],"aptBusinessObjectPartnerOwnerUser":[],"aptBusinessObjectAssignedToCompanyPartnerMasterData":[],"aptBusinessObjectPrimaryPartnerLocationMasterData":[],"__typename":"Incident"}}}
rbills@mbp19-rbills incident % python3 readIncident.py
{
    "id": "9b593391-abfc-4730-9883-c2680b545903",
    "currentBaseState": "ToDo",
    "currentSubState": null,
    "data": {
        "aptBusinessObjectId": "USPT-3575",
        "aptBusinessObjectSummary": "GraphQL Python test edit 1",
        "aptBusinessObjectDescription": "Editing an incident programmatically using graphQL for a demo.",
        "responsibleDepartmentAtCompany": null,
        "responsibleDepartmentAtPartner": null,
        "incidentType": "LABEL_COMPLIANCE_ERROR",
        "businessPriority": "LOW",
        "resolutionDueDate": 1736613281000,
        "incidentConclusion": null,
        "referenceIdentifiers": null,
        "dateSubmitted": null,
        "createdByPartner": false,
        "__typename": "IncidentData"
    },
    "aptBusinessObjectContainsComment": [
        {
            "to": {
                "id": "d115e008-c6a1-11ee-a30e-bbc985410070",
                "data": {
                    "commentText": "Adding a test comment using GraphQL via Python.",
                    "visibilityType": "Public"
                }
            }
        }
    ],
    "issueRelatedToImpactedProductDetail": [],
    "aptBusinessObjectBelongsToProcessNetwork": [
        {
            "to": {
                "id": "YOUR_PROCESS_NETWORK_ID",
                "__typename": "ProcessNetwork"
            },
            "__typename": "AptBusinessObjectBelongsToProcessNetwork"
        }
    ],
    "aptBusinessObjectCompanyAssignedUser": [],
    "aptBusinessObjectPartnerAssignedUser": [],
    "aptBusinessObjectCompanyOwnerUser": [],
    "aptBusinessObjectPartnerOwnerUser": [],
    "aptBusinessObjectAssignedToCompanyPartnerMasterData": [],
    "aptBusinessObjectPrimaryPartnerLocationMasterData": [],
    "__typename": "Incident"
}
rbills@mbp19-rbills incident % python3 listIncidentComments.py
{
    "commentsAndAttachments": [
        {
            "aptComment": {
                "id": "d115e008-c6a1-11ee-a30e-bbc985410070",
                "lastUpdatedByUserId": "2160937a-409f-43e6-a5e8-dd7ca2b9225b",
                "lastUpdatedByUserName": "Robert Bills",
                "lastUpdatedDateTime": 1707410879643,
                "createdByUserId": "2160937a-409f-43e6-a5e8-dd7ca2b9225b",
                "createdByUserName": "Robert Bills",
                "creationDateTime": 1707410879643,
                "commentText": "Adding a test comment using GraphQL via Python.",
                "visibilityType": "Public",
                "aptAttachments": []
            },
            "isEditableByUser": true
        }
    ]
}
rbills@mbp19-rbills incident % python3 getActivityHistoryForIncident.py
{
    "auditTrailRecordList": [
        {
            "auditChangeEntry": {
                "auditActionTaken": "CREATE",
                "auditChangeDetail": [
                    {
                        "auditRecordDisplayName": "fromId",
                        "auditRecordNewValue": "USPT-3575",
                        "auditRecordNewResolvedSchemaName": "agile-process-teams:incident",
                        "auditRecordAttributeName": "fromId",
                        "auditRecordNewResolvedIdentifier": "9b593391-abfc-4730-9883-c2680b545903"
                    },
                    {
                        "auditRecordDisplayName": "toId",
                        "auditRecordNewValue": "agile-process-teams:aptComment:v1_d115e008-c6a1-11ee-a30e-bbc985410070",
                        "auditRecordNewResolvedSchemaName": "agile-process-teams:aptComment",
                        "auditRecordAttributeName": "toId",
                        "auditRecordNewResolvedIdentifier": "d115e008-c6a1-11ee-a30e-bbc985410070"
                    }
                ]
            },
            "companyName": "USPT1",
            "businessObjectName": "incident",
            "resolvedRelationshipSchemaName": "agile-process-teams:aptBusinessObjectContainsComment",
            "performedByCompanyName": "USPT1",
            "timeStamp": 1707410879808,
            "performedByNetworkNodeId": "YOUR_COMPANY_ID",
            "actionType": "CREATE",
            "networkNodeId": "YOUR_COMPANY_ID",
            "businessObjectId": "9b593391-abfc-4730-9883-c2680b545903",
            "auditItemIdentifier": "USPT-3575",
            "applicationDescription": "application-manager:application:v1_0408ee28-21d4-4890-97f8-90f3174ed3a8",
            "resolvedRelationshipObjectIdentifier": "d144b83a-c6a1-11ee-a30e-bbc985410070",
            "businessObjectSchemaName": "agile-process-teams:incident",
            "performedByUserName": "rbills+uspt1@tracelink.com",
            "reasonCode": "",
            "performedByUserId": "2160937a-409f-43e6-a5e8-dd7ca2b9225b",
            "modifiedData": "fromId : --,USPT-3575 ; toId : --,agile-process-teams:aptComment:v1_d115e008-c6a1-11ee-a30e-bbc985410070",
            "applicationName": "agile-process-teams"
        },
        {
            "auditChangeEntry": {
                "auditActionTaken": "CREATE",
                "auditChangeDetail": [
                    {
                        "auditRecordDisplayName": "commentText",
                        "auditRecordNewValue": "Adding a test comment using GraphQL via Python.",
                        "auditRecordAttributeName": "commentText"
                    },
                    {
                        "auditRecordDisplayName": "isDeleted",
                        "auditRecordNewValue": "false",
                        "auditRecordAttributeName": "isDeleted"
                    }
                ]
            },
            "companyName": "USPT1",
            "businessObjectName": "aptComment",
            "performedByCompanyName": "USPT1",
            "timeStamp": 1707410879501,
            "performedByNetworkNodeId": "YOUR_COMPANY_ID",
            "actionType": "Added",
            "networkNodeId": "YOUR_COMPANY_ID",
            "businessObjectId": "d115e008-c6a1-11ee-a30e-bbc985410070",
            "auditItemIdentifier": "agile-process-teams:aptComment:v1_d115e008-c6a1-11ee-a30e-bbc985410070",
            "applicationDescription": "application-manager:application:v1_0408ee28-21d4-4890-97f8-90f3174ed3a8",
            "businessObjectSchemaName": "agile-process-teams:aptComment",
            "performedByUserName": "Robert Bills",
            "reasonCode": "",
            "performedByUserId": "2160937a-409f-43e6-a5e8-dd7ca2b9225b",
            "modifiedData": "commentText : --,Adding a test comment using GraphQL via Python. ; isDeleted : --,false",
            "applicationName": "agile-process-teams"
        },
        {
            "auditChangeEntry": {
                "auditActionTaken": "UPDATE",
                "auditChangeDetail": [
                    {
                        "auditRecordDisplayName": "aptBusinessObjectDescription",
                        "auditRecordNewValue": "Editing an incident programmatically using graphQL for a demo.",
                        "auditRecordAttributeName": "aptBusinessObjectDescription",
                        "auditRecordOldValue": "Adding an incident programmatically from postman using graphQL walkthrough demo."
                    },
                    {
                        "auditRecordDisplayName": "aptBusinessObjectSummary",
                        "auditRecordNewValue": "GraphQL Python test edit 1",
                        "auditRecordAttributeName": "aptBusinessObjectSummary",
                        "auditRecordOldValue": "GraphQL Python3 test run 1"
                    },
                    {
                        "auditRecordDisplayName": "businessPriority",
                        "auditRecordNewValue": "LOW",
                        "auditRecordAttributeName": "businessPriority",
                        "auditRecordOldValue": "MEDIUM"
                    }
                ]
            },
            "companyName": "USPT1",
            "businessObjectName": "incident",
            "performedByCompanyName": "USPT1",
            "timeStamp": 1707410444098,
            "performedByNetworkNodeId": "YOUR_COMPANY_ID",
            "actionType": "Edited",
            "networkNodeId": "YOUR_COMPANY_ID",
            "businessObjectId": "9b593391-abfc-4730-9883-c2680b545903",
            "auditItemIdentifier": "USPT-3575",
            "applicationDescription": "application-manager:application:v1_0408ee28-21d4-4890-97f8-90f3174ed3a8",
            "businessObjectSchemaName": "agile-process-teams:incident",
            "performedByUserName": "Robert Bills",
            "reasonCode": "",
            "performedByUserId": "2160937a-409f-43e6-a5e8-dd7ca2b9225b",
            "modifiedData": "aptBusinessObjectDescription : Adding an incident programmatically from postman using graphQL walkthrough demo.,Editing an incident programmatically using graphQL for a demo. ; aptBusinessObjectSummary : GraphQL Python3 test run 1,GraphQL Python test edit 1 ; businessPriority : MEDIUM,LOW",
            "applicationName": "agile-process-teams"
        },
        {
            "auditChangeEntry": {
                "auditActionTaken": "CREATE",
                "auditChangeDetail": [
                    {
                        "auditRecordDisplayName": "Status",
                        "auditRecordNewValue": "ToDo",
                        "auditRecordAttributeName": "currentBaseState"
                    },
                    {
                        "auditRecordDisplayName": "aptBusinessObjectSummary",
                        "auditRecordNewValue": "GraphQL Python3 test run 1",
                        "auditRecordAttributeName": "aptBusinessObjectSummary"
                    },
                    {
                        "auditRecordDisplayName": "aptBusinessObjectDescription",
                        "auditRecordNewValue": "Adding an incident programmatically from postman using graphQL walkthrough demo.",
                        "auditRecordAttributeName": "aptBusinessObjectDescription"
                    },
                    {
                        "auditRecordDisplayName": "businessPriority",
                        "auditRecordNewValue": "MEDIUM",
                        "auditRecordAttributeName": "businessPriority"
                    },
                    {
                        "auditRecordDisplayName": "incidentType",
                        "auditRecordNewValue": "LABEL_COMPLIANCE_ERROR",
                        "auditRecordAttributeName": "incidentType"
                    },
                    {
                        "auditRecordDisplayName": "resolutionDueDate",
                        "auditRecordNewValue": "1736613281000",
                        "auditRecordAttributeName": "resolutionDueDate"
                    },
                    {
                        "auditRecordDisplayName": "aptBusinessObjectId",
                        "auditRecordNewValue": "USPT-3575",
                        "auditRecordAttributeName": "aptBusinessObjectId"
                    },
                    {
                        "auditRecordDisplayName": "createdByPartner",
                        "auditRecordNewValue": "false",
                        "auditRecordAttributeName": "createdByPartner"
                    },
                    {
                        "auditRecordDisplayName": "Follower",
                        "auditRecordNewValue": "Robert Bills",
                        "auditRecordNewResolvedSchemaName": "network-administration:user",
                        "auditRecordAttributeName": "followerId",
                        "auditRecordNewResolvedIdentifier": "2160937a-409f-43e6-a5e8-dd7ca2b9225b"
                    }
                ]
            },
            "companyName": "USPT1",
            "businessObjectName": "incident",
            "performedByCompanyName": "USPT1",
            "timeStamp": 1707409492256,
            "performedByNetworkNodeId": "YOUR_COMPANY_ID",
            "actionType": "Added",
            "networkNodeId": "YOUR_COMPANY_ID",
            "businessObjectId": "9b593391-abfc-4730-9883-c2680b545903",
            "auditItemIdentifier": "USPT-3575",
            "applicationDescription": "application-manager:application:v1_0408ee28-21d4-4890-97f8-90f3174ed3a8",
            "businessObjectSchemaName": "agile-process-teams:incident",
            "performedByUserName": "Robert Bills",
            "reasonCode": "",
            "performedByUserId": "2160937a-409f-43e6-a5e8-dd7ca2b9225b",
            "modifiedData": "currentBaseState : --,ToDo ; aptBusinessObjectSummary : --,GraphQL Python3 test run 1 ; aptBusinessObjectDescription : --,Adding an incident programmatically from postman using graphQL walkthrough demo. ; businessPriority : --,MEDIUM ; incidentType : --,LABEL_COMPLIANCE_ERROR ; resolutionDueDate : --,1736613281000 ; fkProcessNetworkId : --,APT-SCWM ; aptBusinessObjectId : --,USPT-3575 ; createdByPartner : --,false ; followerId : --,rbills+uspt1@tracelink.com",
            "applicationName": "agile-process-teams"
        }
    ]
}
